../Core/Src/main.c:72:6:SX1261_Init	48	static
../Core/Src/main.c:292:6:SX1261_Send	16	static,ignoring_inline_asm
../Core/Src/main.c:324:5:main	8	static
../Core/Src/main.c:428:6:SystemClock_Config	88	static
../Core/Src/main.c:475:13:MX_I2C1_Init	8	static
../Core/Src/main.c:509:13:MX_I2S2_Init	8	static
../Core/Src/main.c:543:13:MX_SPI3_Init	8	static
../Core/Src/main.c:579:13:MX_DMA_Init	16	static
../Core/Src/main.c:597:13:MX_GPIO_Init	40	static
../Core/Src/main.c:636:6:Error_Handler	4	static,ignoring_inline_asm
