../Core/Src/nau88l11.c:25:20:nau_write	32	static,ignoring_inline_asm
../Core/Src/nau88l11.c:65:19:NAU88L11_Ping	16	static,ignoring_inline_asm
../Core/Src/nau88l11.c:81:19:nau_read	40	static
../Core/Src/nau88l11.c:104:19:NAU88L11_InitMicPath	16	static,ignoring_inline_asm
../Core/Src/nau88l11.c:194:19:NAU88L11_MinimalTest	16	static,ignoring_inline_asm
../Core/Src/nau88l11.c:256:19:NAU88L11_StartRxDMA	8	static,ignoring_inline_asm
../Core/Src/nau88l11.c:274:6:HAL_I2S_RxHalfCpltCallback	32	static,ignoring_inline_asm
