../Core/Src/sx126x.c:249:17:sx126x_set_sleep	32	static
../Core/Src/sx126x.c:259:17:sx126x_set_standby	32	static
../Core/Src/sx126x.c:269:17:sx126x_set_fs	32	static
../Core/Src/sx126x.c:278:17:sx126x_set_tx	24	static
../Core/Src/sx126x.c:290:17:sx126x_set_tx_with_timeout_in_rtc_step	32	static
../Core/Src/sx126x.c:302:17:sx126x_set_rx	24	static
../Core/Src/sx126x.c:314:17:sx126x_set_rx_with_timeout_in_rtc_step	32	static
../Core/Src/sx126x.c:326:17:sx126x_stop_timer_on_preamble	32	static
../Core/Src/sx126x.c:336:17:sx126x_set_rx_duty_cycle	32	static
../Core/Src/sx126x.c:345:17:sx126x_set_rx_duty_cycle_with_timings_in_rtc_step	40	static
../Core/Src/sx126x.c:362:17:sx126x_set_cad	32	static
../Core/Src/sx126x.c:371:17:sx126x_set_tx_cw	32	static
../Core/Src/sx126x.c:380:17:sx126x_set_tx_infinite_preamble	32	static
../Core/Src/sx126x.c:389:17:sx126x_set_reg_mode	32	static
../Core/Src/sx126x.c:399:17:sx126x_cal	32	static
../Core/Src/sx126x.c:409:17:sx126x_cal_img	32	static
../Core/Src/sx126x.c:420:17:sx126x_cal_img_in_mhz	24	static
../Core/Src/sx126x.c:432:17:sx126x_set_pa_cfg	32	static
../Core/Src/sx126x.c:441:17:sx126x_set_rx_tx_fallback_mode	32	static
../Core/Src/sx126x.c:455:17:sx126x_write_register	40	static
../Core/Src/sx126x.c:467:17:sx126x_read_register	40	static
../Core/Src/sx126x.c:479:17:sx126x_write_buffer	40	static
../Core/Src/sx126x.c:490:17:sx126x_read_buffer	40	static
../Core/Src/sx126x.c:504:17:sx126x_set_dio_irq_params	48	static
../Core/Src/sx126x.c:516:17:sx126x_get_irq_status	32	static
../Core/Src/sx126x.c:535:17:sx126x_clear_irq_status	32	static
../Core/Src/sx126x.c:546:17:sx126x_get_and_clear_irq_status	24	static
../Core/Src/sx126x.c:563:17:sx126x_set_dio2_as_rf_sw_ctrl	32	static
../Core/Src/sx126x.c:573:17:sx126x_set_dio3_as_tcxo_ctrl	40	static
../Core/Src/sx126x.c:588:17:sx126x_set_rf_freq	24	static
../Core/Src/sx126x.c:595:17:sx126x_set_rf_freq_in_pll_steps	32	static
../Core/Src/sx126x.c:605:17:sx126x_set_pkt_type	32	static
../Core/Src/sx126x.c:615:17:sx126x_get_pkt_type	32	static
../Core/Src/sx126x.c:625:17:sx126x_set_tx_params	32	static
../Core/Src/sx126x.c:636:17:sx126x_set_gfsk_mod_params	48	static
../Core/Src/sx126x.c:658:17:sx126x_set_bpsk_mod_params	40	static
../Core/Src/sx126x.c:670:17:sx126x_set_lora_mod_params	32	static
../Core/Src/sx126x.c:690:17:sx126x_set_gfsk_pkt_params	40	static
../Core/Src/sx126x.c:708:17:sx126x_set_bpsk_pkt_params	40	static
../Core/Src/sx126x.c:731:17:sx126x_set_lora_pkt_params	40	static
../Core/Src/sx126x.c:770:17:sx126x_set_gfsk_pkt_address	24	static
../Core/Src/sx126x.c:778:17:sx126x_set_cad_params	32	static
../Core/Src/sx126x.c:794:17:sx126x_set_buffer_base_address	32	static
../Core/Src/sx126x.c:806:17:sx126x_set_lora_symb_nb_timeout	40	static
../Core/Src/sx126x.c:841:17:sx126x_get_status	32	static
../Core/Src/sx126x.c:862:17:sx126x_get_rx_buffer_status	32	static
../Core/Src/sx126x.c:882:17:sx126x_get_gfsk_pkt_status	32	static
../Core/Src/sx126x.c:915:17:sx126x_get_lora_pkt_status	32	static
../Core/Src/sx126x.c:936:17:sx126x_get_rssi_inst	32	static
../Core/Src/sx126x.c:955:17:sx126x_get_gfsk_stats	40	static
../Core/Src/sx126x.c:976:17:sx126x_get_lora_stats	40	static
../Core/Src/sx126x.c:996:17:sx126x_reset_stats	32	static
../Core/Src/sx126x.c:1009:17:sx126x_reset	16	static
../Core/Src/sx126x.c:1014:17:sx126x_wakeup	16	static
../Core/Src/sx126x.c:1019:17:sx126x_get_device_errors	32	static
../Core/Src/sx126x.c:1038:17:sx126x_clear_device_errors	32	static
../Core/Src/sx126x.c:1049:17:sx126x_get_gfsk_bw_param	24	static
../Core/Src/sx126x.c:1070:10:sx126x_get_lora_bw_in_hz	24	static
../Core/Src/sx126x.c:1111:10:sx126x_get_lora_time_on_air_numerator	48	static
../Core/Src/sx126x.c:1158:10:sx126x_get_lora_time_on_air_in_ms	24	static
../Core/Src/sx126x.c:1167:10:sx126x_get_gfsk_time_on_air_numerator	24	static
../Core/Src/sx126x.c:1176:10:sx126x_get_gfsk_time_on_air_in_ms	24	static
../Core/Src/sx126x.c:1186:17:sx126x_get_random_numbers	32	static
../Core/Src/sx126x.c:1253:10:sx126x_convert_freq_in_hz_to_pll_step	24	static
../Core/Src/sx126x.c:1268:10:sx126x_convert_timeout_in_ms_to_rtc_step	16	static
../Core/Src/sx126x.c:1273:17:sx126x_handle_rx_done	16	static
../Core/Src/sx126x.c:1282:17:sx126x_cfg_rx_boosted	24	static
../Core/Src/sx126x.c:1294:17:sx126x_set_gfsk_sync_word	40	static
../Core/Src/sx126x.c:1308:17:sx126x_set_lora_sync_word	24	static
../Core/Src/sx126x.c:1325:17:sx126x_set_gfsk_crc_seed	24	static
../Core/Src/sx126x.c:1332:17:sx126x_set_gfsk_crc_polynomial	24	static
../Core/Src/sx126x.c:1339:17:sx126x_set_gfsk_whitening_seed	24	static
../Core/Src/sx126x.c:1360:17:sx126x_cfg_tx_clamp	24	static
../Core/Src/sx126x.c:1375:17:sx126x_stop_rtc	24	static
../Core/Src/sx126x.c:1395:17:sx126x_set_ocp_value	16	static
../Core/Src/sx126x.c:1400:17:sx126x_set_trimming_capacitor_values	24	static
../Core/Src/sx126x.c:1408:17:sx126x_add_registers_to_retention_list	48	static
../Core/Src/sx126x.c:1458:17:sx126x_init_retention_list	24	static
../Core/Src/sx126x.c:1466:17:sx126x_get_lora_params_from_header	32	static
../Core/Src/sx126x.c:1492:24:sx126x_tx_modulation_workaround	24	static
../Core/Src/sx126x.c:1522:24:sx126x_get_gfsk_crc_len_in_bytes	16	static
../Core/Src/sx126x.c:1542:9:SX126x_GetStatusSimple	16	static
